// Jest Snapshot v1, https://goo.gl/fbAQLP

exports[`2048 Game Test 게임오버 테스트 1`] = `
<h3>
  Game Over
</h3>
`;
